#
# There is insufficient memory for the Java Runtime Environment to continue.
# Native memory allocation (malloc) failed to allocate 627376 bytes for Chunk::new
# Possible reasons:
#   The system is out of physical RAM or swap space
#   The process is running with CompressedOops enabled, and the Java Heap may be blocking the growth of the native heap
# Possible solutions:
#   Reduce memory load on the system
#   Increase physical memory or swap space
#   Check if swap backing store is full
#   Decrease Java heap size (-Xmx/-Xms)
#   Decrease number of Java threads
#   Decrease Java thread stack sizes (-Xss)
#   Set larger code cache with -XX:ReservedCodeCacheSize=
#   JVM is running with Unscaled Compressed Oops mode in which the Java heap is
#     placed in the first 4GB address space. The Java Heap base address is the
#     maximum limit for the native heap growth. Please use -XX:HeapBaseMinAddress
#     to set the Java Heap base and to place the Java Heap above 4GB virtual address.
# This output file may be truncated or incomplete.
#
#  Out of Memory Error (arena.cpp:189), pid=15116, tid=18008
#
# JRE version: Java(TM) SE Runtime Environment (17.0.17+8) (build 17.0.17+8-LTS-360)
# Java VM: Java HotSpot(TM) 64-Bit Server VM (17.0.17+8-LTS-360, mixed mode, sharing, tiered, compressed oops, compressed class ptrs, g1 gc, windows-amd64)
# No core dump will be written. Minidumps are not enabled by default on client versions of Windows
#

---------------  S U M M A R Y ------------

Command Line: --add-opens=java.base/java.lang=ALL-UNNAMED --enable-native-access=ALL-UNNAMED -Djavax.net.ssl.trustStoreType=WINDOWS-ROOT -Dclassworlds.conf=C:/Program Files/apache-maven-3.9.16/bin/m2.conf -Dmaven.home=C:/Program Files/apache-maven-3.9.16 -Dlibrary.jansi.path=C:/Program Files/apache-maven-3.9.16/lib/jansi-native -Dmaven.multiModuleProjectDirectory=C:/Users/princ/Desktop/CS Year 2/Semester 2/Mobile App/FleetTrackingMobile/fleettrack-pro/backend/auth-service_1 org.codehaus.plexus.classworlds.launcher.Launcher compile

Host: 12th Gen Intel(R) Core(TM) i3-1215U, 8 cores, 7G,  Windows 11 , 64 bit Build 26100 (10.0.26100.8875)
Time: Sun Jul 19 17:07:44 2026 Greenwich Standard Time elapsed time: 16.592316 seconds (0d 0h 0m 16s)

---------------  T H R E A D  ---------------

Current thread (0x00000237ff446160):  JavaThread "C2 CompilerThread0" daemon [_thread_in_native, id=18008, stack(0x000000e3d6200000,0x000000e3d6300000)]


Current CompileTask:
C2:  16592 8325       4       java.util.HashSet::add (20 bytes)

Stack: [0x000000e3d6200000,0x000000e3d6300000]
Native frames: (J=compiled Java code, j=interpreted, Vv=VM code, C=native code)
V  [jvm.dll+0x67a0ea]
V  [jvm.dll+0x7da56d]
V  [jvm.dll+0x7dbeb3]
V  [jvm.dll+0x7dc523]
V  [jvm.dll+0x2453af]
V  [jvm.dll+0xab763]
V  [jvm.dll+0xabd2c]
V  [jvm.dll+0x3620cf]
V  [jvm.dll+0x32c731]
V  [jvm.dll+0x32bbca]
V  [jvm.dll+0x216b5f]
V  [jvm.dll+0x215f8f]
V  [jvm.dll+0x1a2b50]
V  [jvm.dll+0x22642b]
V  [jvm.dll+0x2245cb]
V  [jvm.dll+0x790964]
V  [jvm.dll+0x78af4a]
V  [jvm.dll+0x678fd5]
C  [ucrtbase.dll+0x2cd30]
C  [KERNEL32.DLL+0x2e957]
C  [ntdll.dll+0xaad6c]


---------------  P R O C E S S  ---------------

Threads class SMR info:
_java_thread_list=0x00000237d649a220, length=14, elements={
0x00000237ee722ee0, 0x00000237ff40f280, 0x00000237ff4107a0, 0x00000237ff429920,
0x00000237ff42c2e0, 0x00000237ff42f810, 0x00000237ff436780, 0x00000237ff446160,
0x00000237ff449790, 0x00000237ff4528f0, 0x00000237ff437120, 0x00000237ff438e00,
0x00000237ff4375f0, 0x00000237d6abe010
}

Java Threads: ( => current thread )
  0x00000237ee722ee0 JavaThread "main" [_thread_in_native, id=18404, stack(0x000000e3d5500000,0x000000e3d5600000)]
  0x00000237ff40f280 JavaThread "Reference Handler" daemon [_thread_blocked, id=27184, stack(0x000000e3d5c00000,0x000000e3d5d00000)]
  0x00000237ff4107a0 JavaThread "Finalizer" daemon [_thread_blocked, id=27172, stack(0x000000e3d5d00000,0x000000e3d5e00000)]
  0x00000237ff429920 JavaThread "Signal Dispatcher" daemon [_thread_blocked, id=21540, stack(0x000000e3d5e00000,0x000000e3d5f00000)]
  0x00000237ff42c2e0 JavaThread "Attach Listener" daemon [_thread_blocked, id=28500, stack(0x000000e3d5f00000,0x000000e3d6000000)]
  0x00000237ff42f810 JavaThread "Service Thread" daemon [_thread_blocked, id=23728, stack(0x000000e3d6000000,0x000000e3d6100000)]
  0x00000237ff436780 JavaThread "Monitor Deflation Thread" daemon [_thread_blocked, id=28468, stack(0x000000e3d6100000,0x000000e3d6200000)]
=>0x00000237ff446160 JavaThread "C2 CompilerThread0" daemon [_thread_in_native, id=18008, stack(0x000000e3d6200000,0x000000e3d6300000)]
  0x00000237ff449790 JavaThread "C1 CompilerThread0" daemon [_thread_blocked, id=25316, stack(0x000000e3d6300000,0x000000e3d6400000)]
  0x00000237ff4528f0 JavaThread "Sweeper thread" daemon [_thread_blocked, id=26968, stack(0x000000e3d6400000,0x000000e3d6500000)]
  0x00000237ff437120 JavaThread "Common-Cleaner" daemon [_thread_blocked, id=21984, stack(0x000000e3d6500000,0x000000e3d6600000)]
  0x00000237ff438e00 JavaThread "Notification Thread" daemon [_thread_blocked, id=24084, stack(0x000000e3d6600000,0x000000e3d6700000)]
  0x00000237ff4375f0 JavaThread "Thread-1" daemon [_thread_blocked, id=10932, stack(0x000000e3d6f00000,0x000000e3d7000000)]
  0x00000237d6abe010 JavaThread "C2 CompilerThread1" daemon [_thread_in_native, id=25460, stack(0x000000e3d7100000,0x000000e3d7200000)]

Other Threads:
  0x00000237ff408d60 VMThread "VM Thread" [stack: 0x000000e3d5b00000,0x000000e3d5c00000] [id=8300]
  0x00000237ff6a2790 WatcherThread [stack: 0x000000e3d6700000,0x000000e3d6800000] [id=4680]
  0x00000237ee781730 GCTaskThread "GC Thread#0" [stack: 0x000000e3d5600000,0x000000e3d5700000] [id=28004]
  0x00000237ff81a290 GCTaskThread "GC Thread#1" [stack: 0x000000e3d6800000,0x000000e3d6900000] [id=25344]
  0x00000237d4552c40 GCTaskThread "GC Thread#2" [stack: 0x000000e3d6900000,0x000000e3d6a00000] [id=27232]
  0x00000237d4552f00 GCTaskThread "GC Thread#3" [stack: 0x000000e3d6a00000,0x000000e3d6b00000] [id=6552]
  0x00000237d4644cd0 GCTaskThread "GC Thread#4" [stack: 0x000000e3d6b00000,0x000000e3d6c00000] [id=21220]
  0x00000237d4644f90 GCTaskThread "GC Thread#5" [stack: 0x000000e3d6c00000,0x000000e3d6d00000] [id=24132]
  0x00000237d46c78f0 GCTaskThread "GC Thread#6" [stack: 0x000000e3d6d00000,0x000000e3d6e00000] [id=14432]
  0x00000237d4878ce0 GCTaskThread "GC Thread#7" [stack: 0x000000e3d6e00000,0x000000e3d6f00000] [id=20360]
  0x00000237ee791a80 ConcurrentGCThread "G1 Main Marker" [stack: 0x000000e3d5700000,0x000000e3d5800000] [id=23412]
  0x00000237ee792390 ConcurrentGCThread "G1 Conc#0" [stack: 0x000000e3d5800000,0x000000e3d5900000] [id=14536]
  0x00000237ff90c4f0 ConcurrentGCThread "G1 Conc#1" [stack: 0x000000e3d7000000,0x000000e3d7100000] [id=27004]
  0x00000237ff2b40c0 ConcurrentGCThread "G1 Refine#0" [stack: 0x000000e3d5900000,0x000000e3d5a00000] [id=26708]
  0x00000237ff2b76e0 ConcurrentGCThread "G1 Service" [stack: 0x000000e3d5a00000,0x000000e3d5b00000] [id=16532]

Threads with active compile tasks:
C2 CompilerThread0    16732 8325       4       java.util.HashSet::add (20 bytes)
C2 CompilerThread1    16732 7590       4       com.sun.tools.javac.jvm.ClassReader::enterClass (13 bytes)

VM state: not at safepoint (normal execution)

VM Mutex/Monitor currently owned by a thread: None

Heap address: 0x0000000085800000, size: 1960 MB, Compressed Oops mode: 32-bit

CDS archive(s) mapped at: [0x000002378f000000-0x000002378fbd0000-0x000002378fbd0000), size 12386304, SharedBaseAddress: 0x000002378f000000, ArchiveRelocationMode: 1.
Compressed class space mapped at: 0x0000023790000000-0x00000237d0000000, reserved size: 1073741824
Narrow klass base: 0x000002378f000000, Narrow klass shift: 0, Narrow klass range: 0x100000000

GC Precious Log:
 CPUs: 8 total, 8 available
 Memory: 7835M
 Large Page Support: Disabled
 NUMA Support: Disabled
 Compressed Oops: Enabled (32-bit)
 Heap Region Size: 1M
 Heap Min Capacity: 8M
 Heap Initial Capacity: 124M
 Heap Max Capacity: 1960M
 Pre-touch: Disabled
 Parallel Workers: 8
 Concurrent Workers: 2
 Concurrent Refinement Workers: 8
 Periodic GC: Disabled

Heap:
 garbage-first heap   total 110592K, used 69108K [0x0000000085800000, 0x0000000100000000)
  region size 1024K, 14 young (14336K), 3 survivors (3072K)
 Metaspace       used 31053K, committed 31424K, reserved 1114112K
  class space    used 3508K, committed 3648K, reserved 1048576K

Heap Regions: E=young(eden), S=young(survivor), O=old, HS=humongous(starts), HC=humongous(continues), CS=collection set, F=free, OA=open archive, CA=closed archive, TAMS=top-at-mark-start (previous, next)
|   0|0x0000000085800000, 0x0000000085900000, 0x0000000085900000|100%| O|  |TAMS 0x0000000085900000, 0x0000000085800000| Untracked 
|   1|0x0000000085900000, 0x0000000085a00000, 0x0000000085a00000|100%| O|  |TAMS 0x0000000085a00000, 0x0000000085900000| Untracked 
|   2|0x0000000085a00000, 0x0000000085b00000, 0x0000000085b00000|100%| O|  |TAMS 0x0000000085b00000, 0x0000000085a00000| Untracked 
|   3|0x0000000085b00000, 0x0000000085c00000, 0x0000000085c00000|100%| O|  |TAMS 0x0000000085c00000, 0x0000000085b00000| Untracked 
|   4|0x0000000085c00000, 0x0000000085d00000, 0x0000000085d00000|100%| O|  |TAMS 0x0000000085d00000, 0x0000000085c00000| Untracked 
|   5|0x0000000085d00000, 0x0000000085e00000, 0x0000000085e00000|100%| O|  |TAMS 0x0000000085e00000, 0x0000000085d00000| Untracked 
|   6|0x0000000085e00000, 0x0000000085f00000, 0x0000000085f00000|100%| O|  |TAMS 0x0000000085f00000, 0x0000000085e00000| Untracked 
|   7|0x0000000085f00000, 0x0000000086000000, 0x0000000086000000|100%| O|  |TAMS 0x0000000086000000, 0x0000000085f00000| Untracked 
|   8|0x0000000086000000, 0x0000000086100000, 0x0000000086100000|100%| O|  |TAMS 0x0000000086100000, 0x0000000086000000| Untracked 
|   9|0x0000000086100000, 0x0000000086200000, 0x0000000086200000|100%| O|  |TAMS 0x0000000086200000, 0x0000000086100000| Untracked 
|  10|0x0000000086200000, 0x0000000086300000, 0x0000000086300000|100%| O|  |TAMS 0x0000000086300000, 0x0000000086200000| Untracked 
|  11|0x0000000086300000, 0x0000000086400000, 0x0000000086400000|100%| O|  |TAMS 0x0000000086400000, 0x0000000086300000| Untracked 
|  12|0x0000000086400000, 0x0000000086500000, 0x0000000086500000|100%| O|  |TAMS 0x0000000086500000, 0x0000000086400000| Untracked 
|  13|0x0000000086500000, 0x0000000086600000, 0x0000000086600000|100%| O|  |TAMS 0x0000000086600000, 0x0000000086500000| Untracked 
|  14|0x0000000086600000, 0x0000000086700000, 0x0000000086700000|100%| O|  |TAMS 0x0000000086700000, 0x0000000086600000| Untracked 
|  15|0x0000000086700000, 0x0000000086800000, 0x0000000086800000|100%| O|  |TAMS 0x0000000086800000, 0x0000000086700000| Untracked 
|  16|0x0000000086800000, 0x0000000086900000, 0x0000000086900000|100%| O|  |TAMS 0x0000000086900000, 0x0000000086800000| Untracked 
|  17|0x0000000086900000, 0x0000000086a00000, 0x0000000086a00000|100%| O|  |TAMS 0x0000000086a00000, 0x0000000086900000| Untracked 
|  18|0x0000000086a00000, 0x0000000086b00000, 0x0000000086b00000|100%| O|  |TAMS 0x0000000086b00000, 0x0000000086a00000| Untracked 
|  19|0x0000000086b00000, 0x0000000086c00000, 0x0000000086c00000|100%| O|  |TAMS 0x0000000086c00000, 0x0000000086b00000| Untracked 
|  20|0x0000000086c00000, 0x0000000086c9fa00, 0x0000000086d00000| 62%| O|  |TAMS 0x0000000086c9fa00, 0x0000000086c00000| Complete 
|  21|0x0000000086d00000, 0x0000000086e00000, 0x0000000086e00000|100%|HS|  |TAMS 0x0000000086e00000, 0x0000000086d00000| Complete 
|  22|0x0000000086e00000, 0x0000000086f00000, 0x0000000086f00000|100%|HS|  |TAMS 0x0000000086f00000, 0x0000000086e00000| Complete 
|  23|0x0000000086f00000, 0x0000000087000000, 0x0000000087000000|100%| O|  |TAMS 0x0000000087000000, 0x0000000086f00000| Untracked 
|  24|0x0000000087000000, 0x0000000087100000, 0x0000000087100000|100%|HS|  |TAMS 0x0000000087100000, 0x0000000087000000| Complete 
|  25|0x0000000087100000, 0x0000000087200000, 0x0000000087200000|100%|HS|  |TAMS 0x0000000087200000, 0x0000000087100000| Complete 
|  26|0x0000000087200000, 0x0000000087300000, 0x0000000087300000|100%| O|  |TAMS 0x0000000087300000, 0x0000000087200000| Untracked 
|  27|0x0000000087300000, 0x0000000087400000, 0x0000000087400000|100%| O|  |TAMS 0x0000000087400000, 0x0000000087300000| Untracked 
|  28|0x0000000087400000, 0x0000000087500000, 0x0000000087500000|100%| O|  |TAMS 0x0000000087500000, 0x0000000087400000| Untracked 
|  29|0x0000000087500000, 0x0000000087600000, 0x0000000087600000|100%| O|  |TAMS 0x0000000087600000, 0x0000000087500000| Untracked 
|  30|0x0000000087600000, 0x0000000087700000, 0x0000000087700000|100%| O|  |TAMS 0x0000000087700000, 0x0000000087600000| Untracked 
|  31|0x0000000087700000, 0x0000000087800000, 0x0000000087800000|100%| O|  |TAMS 0x0000000087800000, 0x0000000087700000| Untracked 
|  32|0x0000000087800000, 0x0000000087900000, 0x0000000087900000|100%| O|  |TAMS 0x0000000087900000, 0x0000000087800000| Untracked 
|  33|0x0000000087900000, 0x0000000087a00000, 0x0000000087a00000|100%| O|  |TAMS 0x0000000087a00000, 0x0000000087900000| Untracked 
|  34|0x0000000087a00000, 0x0000000087a2ae00, 0x0000000087b00000| 16%| O|  |TAMS 0x0000000087a00000, 0x0000000087a00000| Untracked 
|  35|0x0000000087b00000, 0x0000000087c00000, 0x0000000087c00000|100%|HS|  |TAMS 0x0000000087c00000, 0x0000000087b00000| Complete 
|  36|0x0000000087c00000, 0x0000000087d00000, 0x0000000087d00000|100%|HC|  |TAMS 0x0000000087d00000, 0x0000000087c00000| Complete 
|  37|0x0000000087d00000, 0x0000000087e00000, 0x0000000087e00000|100%| O|  |TAMS 0x0000000087e00000, 0x0000000087d00000| Untracked 
|  38|0x0000000087e00000, 0x0000000087f00000, 0x0000000087f00000|100%| O|  |TAMS 0x0000000087f00000, 0x0000000087e00000| Untracked 
|  39|0x0000000087f00000, 0x0000000088000000, 0x0000000088000000|100%| O|  |TAMS 0x0000000088000000, 0x0000000087f00000| Untracked 
|  40|0x0000000088000000, 0x0000000088100000, 0x0000000088100000|100%| O|  |TAMS 0x0000000088100000, 0x0000000088000000| Untracked 
|  41|0x0000000088100000, 0x0000000088200000, 0x0000000088200000|100%| O|  |TAMS 0x0000000088200000, 0x0000000088100000| Untracked 
|  42|0x0000000088200000, 0x0000000088300000, 0x0000000088300000|100%| O|  |TAMS 0x0000000088300000, 0x0000000088200000| Untracked 
|  43|0x0000000088300000, 0x0000000088400000, 0x0000000088400000|100%| O|  |TAMS 0x0000000088400000, 0x0000000088300000| Untracked 
|  44|0x0000000088400000, 0x0000000088500000, 0x0000000088500000|100%| O|  |TAMS 0x0000000088500000, 0x0000000088400000| Untracked 
|  45|0x0000000088500000, 0x0000000088600000, 0x0000000088600000|100%| O|  |TAMS 0x0000000088600000, 0x0000000088500000| Untracked 
|  46|0x0000000088600000, 0x0000000088700000, 0x0000000088700000|100%| O|  |TAMS 0x0000000088700000, 0x0000000088600000| Untracked 
|  47|0x0000000088700000, 0x0000000088800000, 0x0000000088800000|100%|HS|  |TAMS 0x0000000088800000, 0x0000000088700000| Complete 
|  48|0x0000000088800000, 0x0000000088900000, 0x0000000088900000|100%|HC|  |TAMS 0x0000000088900000, 0x0000000088800000| Complete 
|  49|0x0000000088900000, 0x0000000088a00000, 0x0000000088a00000|100%| O|  |TAMS 0x000000008891be00, 0x0000000088900000| Untracked 
|  50|0x0000000088a00000, 0x0000000088a00000, 0x0000000088b00000|  0%| F|  |TAMS 0x0000000088a00000, 0x0000000088a00000| Untracked 
|  51|0x0000000088b00000, 0x0000000088b00000, 0x0000000088c00000|  0%| F|  |TAMS 0x0000000088b00000, 0x0000000088b00000| Untracked 
|  52|0x0000000088c00000, 0x0000000088c00000, 0x0000000088d00000|  0%| F|  |TAMS 0x0000000088c00000, 0x0000000088c00000| Untracked 
|  53|0x0000000088d00000, 0x0000000088d00000, 0x0000000088e00000|  0%| F|  |TAMS 0x0000000088d00000, 0x0000000088d00000| Untracked 
|  54|0x0000000088e00000, 0x0000000088e00000, 0x0000000088f00000|  0%| F|  |TAMS 0x0000000088e00000, 0x0000000088e00000| Untracked 
|  55|0x0000000088f00000, 0x0000000088f00000, 0x0000000089000000|  0%| F|  |TAMS 0x0000000088f00000, 0x0000000088f00000| Untracked 
|  56|0x0000000089000000, 0x0000000089000000, 0x0000000089100000|  0%| F|  |TAMS 0x0000000089000000, 0x0000000089000000| Untracked 
|  57|0x0000000089100000, 0x0000000089100000, 0x0000000089200000|  0%| F|  |TAMS 0x0000000089100000, 0x0000000089100000| Untracked 
|  58|0x0000000089200000, 0x0000000089200000, 0x0000000089300000|  0%| F|  |TAMS 0x0000000089200000, 0x0000000089200000| Untracked 
|  59|0x0000000089300000, 0x0000000089300000, 0x0000000089400000|  0%| F|  |TAMS 0x0000000089300000, 0x0000000089300000| Untracked 
|  60|0x0000000089400000, 0x0000000089400000, 0x0000000089500000|  0%| F|  |TAMS 0x0000000089400000, 0x0000000089400000| Untracked 
|  61|0x0000000089500000, 0x0000000089500000, 0x0000000089600000|  0%| F|  |TAMS 0x0000000089500000, 0x0000000089500000| Untracked 
|  62|0x0000000089600000, 0x0000000089600000, 0x0000000089700000|  0%| F|  |TAMS 0x0000000089600000, 0x0000000089600000| Untracked 
|  63|0x0000000089700000, 0x0000000089700000, 0x0000000089800000|  0%| F|  |TAMS 0x0000000089700000, 0x0000000089700000| Untracked 
|  64|0x0000000089800000, 0x0000000089800000, 0x0000000089900000|  0%| F|  |TAMS 0x0000000089800000, 0x0000000089800000| Untracked 
|  65|0x0000000089900000, 0x0000000089900000, 0x0000000089a00000|  0%| F|  |TAMS 0x0000000089900000, 0x0000000089900000| Untracked 
|  66|0x0000000089a00000, 0x0000000089a00000, 0x0000000089b00000|  0%| F|  |TAMS 0x0000000089a00000, 0x0000000089a00000| Untracked 
|  67|0x0000000089b00000, 0x0000000089bb2ab8, 0x0000000089c00000| 69%| S|CS|TAMS 0x0000000089b00000, 0x0000000089b00000| Complete 
|  68|0x0000000089c00000, 0x0000000089d00000, 0x0000000089d00000|100%| S|CS|TAMS 0x0000000089c00000, 0x0000000089c00000| Complete 
|  69|0x0000000089d00000, 0x0000000089d00000, 0x0000000089e00000|  0%| F|  |TAMS 0x0000000089d00000, 0x0000000089d00000| Untracked 
|  70|0x0000000089e00000, 0x0000000089e00000, 0x0000000089f00000|  0%| F|  |TAMS 0x0000000089e00000, 0x0000000089e00000| Untracked 
|  71|0x0000000089f00000, 0x0000000089f00000, 0x000000008a000000|  0%| F|  |TAMS 0x0000000089f00000, 0x0000000089f00000| Untracked 
|  72|0x000000008a000000, 0x000000008a100000, 0x000000008a100000|100%| S|CS|TAMS 0x000000008a000000, 0x000000008a000000| Complete 
|  73|0x000000008a100000, 0x000000008a100000, 0x000000008a200000|  0%| F|  |TAMS 0x000000008a100000, 0x000000008a100000| Untracked 
|  74|0x000000008a200000, 0x000000008a200000, 0x000000008a300000|  0%| F|  |TAMS 0x000000008a200000, 0x000000008a200000| Untracked 
|  75|0x000000008a300000, 0x000000008a300000, 0x000000008a400000|  0%| F|  |TAMS 0x000000008a300000, 0x000000008a300000| Untracked 
|  76|0x000000008a400000, 0x000000008a400000, 0x000000008a500000|  0%| F|  |TAMS 0x000000008a400000, 0x000000008a400000| Untracked 
|  77|0x000000008a500000, 0x000000008a500000, 0x000000008a600000|  0%| F|  |TAMS 0x000000008a500000, 0x000000008a500000| Untracked 
|  78|0x000000008a600000, 0x000000008a600000, 0x000000008a700000|  0%| F|  |TAMS 0x000000008a600000, 0x000000008a600000| Untracked 
|  79|0x000000008a700000, 0x000000008a700000, 0x000000008a800000|  0%| F|  |TAMS 0x000000008a700000, 0x000000008a700000| Untracked 
|  80|0x000000008a800000, 0x000000008a800000, 0x000000008a900000|  0%| F|  |TAMS 0x000000008a800000, 0x000000008a800000| Untracked 
|  81|0x000000008a900000, 0x000000008a900000, 0x000000008aa00000|  0%| F|  |TAMS 0x000000008a900000, 0x000000008a900000| Untracked 
|  82|0x000000008aa00000, 0x000000008aa00000, 0x000000008ab00000|  0%| F|  |TAMS 0x000000008aa00000, 0x000000008aa00000| Untracked 
|  83|0x000000008ab00000, 0x000000008ab00000, 0x000000008ac00000|  0%| F|  |TAMS 0x000000008ab00000, 0x000000008ab00000| Untracked 
|  84|0x000000008ac00000, 0x000000008ac00000, 0x000000008ad00000|  0%| F|  |TAMS 0x000000008ac00000, 0x000000008ac00000| Untracked 
|  85|0x000000008ad00000, 0x000000008ad00000, 0x000000008ae00000|  0%| F|  |TAMS 0x000000008ad00000, 0x000000008ad00000| Untracked 
|  86|0x000000008ae00000, 0x000000008ae00000, 0x000000008af00000|  0%| F|  |TAMS 0x000000008ae00000, 0x000000008ae00000| Untracked 
|  87|0x000000008af00000, 0x000000008af00000, 0x000000008b000000|  0%| F|  |TAMS 0x000000008af00000, 0x000000008af00000| Untracked 
|  88|0x000000008b000000, 0x000000008b000000, 0x000000008b100000|  0%| F|  |TAMS 0x000000008b000000, 0x000000008b000000| Untracked 
|  89|0x000000008b100000, 0x000000008b100000, 0x000000008b200000|  0%| F|  |TAMS 0x000000008b100000, 0x000000008b100000| Untracked 
|  90|0x000000008b200000, 0x000000008b200000, 0x000000008b300000|  0%| F|  |TAMS 0x000000008b200000, 0x000000008b200000| Untracked 
|  91|0x000000008b300000, 0x000000008b400000, 0x000000008b400000|100%| E|  |TAMS 0x000000008b300000, 0x000000008b300000| Complete 
|  92|0x000000008b400000, 0x000000008b500000, 0x000000008b500000|100%| E|CS|TAMS 0x000000008b400000, 0x000000008b400000| Complete 
|  93|0x000000008b500000, 0x000000008b600000, 0x000000008b600000|100%| E|CS|TAMS 0x000000008b500000, 0x000000008b500000| Complete 
|  94|0x000000008b600000, 0x000000008b700000, 0x000000008b700000|100%| E|CS|TAMS 0x000000008b600000, 0x000000008b600000| Complete 
|  95|0x000000008b700000, 0x000000008b800000, 0x000000008b800000|100%| E|CS|TAMS 0x000000008b700000, 0x000000008b700000| Complete 
|  96|0x000000008b800000, 0x000000008b900000, 0x000000008b900000|100%| E|CS|TAMS 0x000000008b800000, 0x000000008b800000| Complete 
|  97|0x000000008b900000, 0x000000008ba00000, 0x000000008ba00000|100%| E|CS|TAMS 0x000000008b900000, 0x000000008b900000| Complete 
|  98|0x000000008ba00000, 0x000000008bb00000, 0x000000008bb00000|100%| E|CS|TAMS 0x000000008ba00000, 0x000000008ba00000| Complete 
|  99|0x000000008bb00000, 0x000000008bc00000, 0x000000008bc00000|100%| E|CS|TAMS 0x000000008bb00000, 0x000000008bb00000| Complete 
| 121|0x000000008d100000, 0x000000008d200000, 0x000000008d200000|100%| E|CS|TAMS 0x000000008d100000, 0x000000008d100000| Complete 
| 123|0x000000008d300000, 0x000000008d400000, 0x000000008d400000|100%| E|CS|TAMS 0x000000008d300000, 0x000000008d300000| Complete 
|1954|0x00000000ffa00000, 0x00000000ffb00000, 0x00000000ffb00000|100%| O|  |TAMS 0x00000000ffb00000, 0x00000000ffa00000| Untracked 
|1955|0x00000000ffb00000, 0x00000000ffc00000, 0x00000000ffc00000|100%| O|  |TAMS 0x00000000ffc00000, 0x00000000ffb00000| Untracked 
|1956|0x00000000ffc00000, 0x00000000ffd00000, 0x00000000ffd00000|100%| O|  |TAMS 0x00000000ffd00000, 0x00000000ffc00000| Untracked 
|1957|0x00000000ffd00000, 0x00000000ffe00000, 0x00000000ffe00000|100%| O|  |TAMS 0x00000000ffe00000, 0x00000000ffd00000| Untracked 
|1958|0x00000000ffe00000, 0x00000000fff00000, 0x00000000fff00000|100%| O|  |TAMS 0x00000000fff00000, 0x00000000ffe00000| Untracked 
|1959|0x00000000fff00000, 0x0000000100000000, 0x0000000100000000|100%| O|  |TAMS 0x0000000100000000, 0x00000000fff00000| Untracked 

Card table byte_map: [0x00000237f8480000,0x00000237f8860000] _byte_map_base: 0x00000237f8054000

Marking Bits (Prev, Next): (CMBitMap*) 0x00000237ee781c90, (CMBitMap*) 0x00000237ee781c50
 Prev Bits: [0x00000237faae0000, 0x00000237fc980000)
 Next Bits: [0x00000237f8c40000, 0x00000237faae0000)

Polling page: 0x00000237ee2b0000

Metaspace:

Usage:
  Non-class:     26.90 MB used.
      Class:      3.43 MB used.
       Both:     30.33 MB used.

Virtual space:
  Non-class space:       64.00 MB reserved,      27.12 MB ( 42%) committed,  1 nodes.
      Class space:        1.00 GB reserved,       3.56 MB ( <1%) committed,  1 nodes.
             Both:        1.06 GB reserved,      30.69 MB (  3%) committed. 

Chunk freelists:
   Non-Class:  4.36 MB
       Class:  12.39 MB
        Both:  16.75 MB

MaxMetaspaceSize: unlimited
CompressedClassSpaceSize: 1.00 GB
Initial GC threshold: 21.00 MB
Current GC threshold: 50.56 MB
CDS: on
MetaspaceReclaimPolicy: balanced
 - commit_granule_bytes: 65536.
 - commit_granule_words: 8192.
 - virtual_space_node_default_size: 8388608.
 - enlarge_chunks_in_place: 1.
 - new_chunks_are_fully_committed: 0.
 - uncommit_free_chunks: 1.
 - use_allocation_guard: 0.
 - handle_deallocations: 1.


Internal statistics:

num_allocs_failed_limit: 3.
num_arena_births: 252.
num_arena_deaths: 0.
num_vsnodes_births: 2.
num_vsnodes_deaths: 0.
num_space_committed: 491.
num_space_uncommitted: 0.
num_chunks_returned_to_freelist: 3.
num_chunks_taken_from_freelist: 1452.
num_chunk_merges: 3.
num_chunk_splits: 980.
num_chunks_enlarged: 733.
num_inconsistent_stats: 0.

CodeHeap 'non-profiled nmethods': size=120000Kb used=3654Kb max_used=3654Kb free=116345Kb
 bounds [0x0000023787ad0000, 0x0000023787e70000, 0x000002378f000000]
CodeHeap 'profiled nmethods': size=120000Kb used=16786Kb max_used=16786Kb free=103213Kb
 bounds [0x0000023780000000, 0x0000023781070000, 0x0000023787530000]
CodeHeap 'non-nmethods': size=5760Kb used=1213Kb max_used=1262Kb free=4547Kb
 bounds [0x0000023787530000, 0x00000237877a0000, 0x0000023787ad0000]
 total_blobs=8028 nmethods=7513 adapters=427
 compilation: enabled
              stopped_count=0, restarted_count=0
 full_count=0

Compilation events (20 events):
Event: 14.513 Thread 0x00000237ff446160 8325       4       java.util.HashSet::add (20 bytes)
Event: 14.514 Thread 0x00000237ff449790 nmethod 8338 0x0000023781044290 code [0x0000023781044600, 0x0000023781046068]
Event: 14.514 Thread 0x00000237ff449790 8339       2       com.sun.tools.javac.code.Type$UndetVar$InferenceBound::values (10 bytes)
Event: 14.515 Thread 0x00000237ff449790 nmethod 8339 0x0000023781046990 code [0x0000023781046b40, 0x0000023781046c88]
Event: 14.515 Thread 0x00000237ff449790 8340       2       com.sun.tools.javac.comp.InferenceContext$$Lambda$450/0x000002379038b2b0::test (8 bytes)
Event: 14.515 Thread 0x00000237ff449790 nmethod 8340 0x0000023781046d90 code [0x0000023781046f20, 0x0000023781047088]
Event: 14.515 Thread 0x00000237ff449790 8341       2       com.sun.tools.javac.comp.InferenceContext::lambda$boundedVars$2 (48 bytes)
Event: 14.515 Thread 0x00000237ff449790 nmethod 8341 0x0000023781047190 code [0x0000023781047380, 0x0000023781047928]
Event: 14.516 Thread 0x00000237ff449790 8342       2       com.sun.tools.javac.code.Type$UndetVar::accept (9 bytes)
Event: 14.516 Thread 0x00000237ff449790 nmethod 8342 0x0000023781047c10 code [0x0000023781047da0, 0x0000023781047ec8]
Event: 14.517 Thread 0x00000237ff449790 8343       1       com.sun.tools.javac.code.Type$UndetVar::isPartial (2 bytes)
Event: 14.517 Thread 0x00000237ff449790 nmethod 8343 0x0000023787e5a490 code [0x0000023787e5a620, 0x0000023787e5a6f8]
Event: 14.517 Thread 0x00000237ff449790 8344       2       java.util.RegularEnumSet::complement (40 bytes)
Event: 14.517 Thread 0x00000237ff449790 nmethod 8344 0x0000023781047f90 code [0x0000023781048120, 0x0000023781048258]
Event: 14.530 Thread 0x00000237ff449790 8346       2       com.sun.tools.javac.code.Types$DefaultTypeVisitor::visitTypeVar (7 bytes)
Event: 14.530 Thread 0x00000237ff449790 nmethod 8346 0x0000023781048310 code [0x00000237810484a0, 0x00000237810485c8]
Event: 14.536 Thread 0x00000237ff449790 8347       2       com.sun.tools.javac.comp.InferenceContext::freeVarsIn (60 bytes)
Event: 14.537 Thread 0x00000237ff449790 nmethod 8347 0x0000023781048690 code [0x0000023781048880, 0x0000023781048cf8]
Event: 14.538 Thread 0x00000237ff449790 8348       2       java.util.EnumMap$EntryIterator$Entry::getValue (30 bytes)
Event: 14.538 Thread 0x00000237ff449790 nmethod 8348 0x0000023781048f10 code [0x00000237810490c0, 0x00000237810492e8]

GC Heap History (20 events):
Event: 9.156 GC heap before
{Heap before GC invocations=4 (full 0):
 garbage-first heap   total 126976K, used 112531K [0x0000000085800000, 0x0000000100000000)
  region size 1024K, 62 young (63488K), 4 survivors (4096K)
 Metaspace       used 19762K, committed 20096K, reserved 1114112K
  class space    used 2274K, committed 2432K, reserved 1048576K
}
Event: 9.169 GC heap after
{Heap after GC invocations=5 (full 0):
 garbage-first heap   total 126976K, used 25360K [0x0000000085800000, 0x0000000100000000)
  region size 1024K, 9 young (9216K), 9 survivors (9216K)
 Metaspace       used 19762K, committed 20096K, reserved 1114112K
  class space    used 2274K, committed 2432K, reserved 1048576K
}
Event: 9.266 GC heap before
{Heap before GC invocations=5 (full 0):
 garbage-first heap   total 126976K, used 26384K [0x0000000085800000, 0x0000000100000000)
  region size 1024K, 11 young (11264K), 9 survivors (9216K)
 Metaspace       used 21261K, committed 21504K, reserved 1114112K
  class space    used 2465K, committed 2560K, reserved 1048576K
}
Event: 9.275 GC heap after
{Heap after GC invocations=6 (full 0):
 garbage-first heap   total 126976K, used 24190K [0x0000000085800000, 0x0000000100000000)
  region size 1024K, 1 young (1024K), 1 survivors (1024K)
 Metaspace       used 21261K, committed 21504K, reserved 1114112K
  class space    used 2465K, committed 2560K, reserved 1048576K
}
Event: 10.451 GC heap before
{Heap before GC invocations=7 (full 0):
 garbage-first heap   total 86016K, used 73342K [0x0000000085800000, 0x0000000100000000)
  region size 1024K, 45 young (46080K), 1 survivors (1024K)
 Metaspace       used 25341K, committed 25728K, reserved 1114112K
  class space    used 2925K, committed 3136K, reserved 1048576K
}
Event: 10.465 GC heap after
{Heap after GC invocations=8 (full 0):
 garbage-first heap   total 92160K, used 44670K [0x0000000085800000, 0x0000000100000000)
  region size 1024K, 7 young (7168K), 7 survivors (7168K)
 Metaspace       used 25341K, committed 25728K, reserved 1114112K
  class space    used 2925K, committed 3136K, reserved 1048576K
}
Event: 10.918 GC heap before
{Heap before GC invocations=8 (full 0):
 garbage-first heap   total 92160K, used 66174K [0x0000000085800000, 0x0000000100000000)
  region size 1024K, 29 young (29696K), 7 survivors (7168K)
 Metaspace       used 26052K, committed 26368K, reserved 1114112K
  class space    used 2997K, committed 3136K, reserved 1048576K
}
Event: 10.930 GC heap after
{Heap after GC invocations=9 (full 0):
 garbage-first heap   total 92160K, used 49790K [0x0000000085800000, 0x0000000100000000)
  region size 1024K, 4 young (4096K), 4 survivors (4096K)
 Metaspace       used 26052K, committed 26368K, reserved 1114112K
  class space    used 2997K, committed 3136K, reserved 1048576K
}
Event: 10.936 GC heap before
{Heap before GC invocations=9 (full 0):
 garbage-first heap   total 92160K, used 51838K [0x0000000085800000, 0x0000000100000000)
  region size 1024K, 7 young (7168K), 4 survivors (4096K)
 Metaspace       used 26052K, committed 26368K, reserved 1114112K
  class space    used 2997K, committed 3136K, reserved 1048576K
}
Event: 10.942 GC heap after
{Heap after GC invocations=10 (full 0):
 garbage-first heap   total 110592K, used 50465K [0x0000000085800000, 0x0000000100000000)
  region size 1024K, 1 young (1024K), 1 survivors (1024K)
 Metaspace       used 26052K, committed 26368K, reserved 1114112K
  class space    used 2997K, committed 3136K, reserved 1048576K
}
Event: 11.334 GC heap before
{Heap before GC invocations=11 (full 0):
 garbage-first heap   total 110592K, used 65825K [0x0000000085800000, 0x0000000100000000)
  region size 1024K, 16 young (16384K), 1 survivors (1024K)
 Metaspace       used 26247K, committed 26624K, reserved 1114112K
  class space    used 3001K, committed 3200K, reserved 1048576K
}
Event: 11.340 GC heap after
{Heap after GC invocations=12 (full 0):
 garbage-first heap   total 110592K, used 54000K [0x0000000085800000, 0x0000000100000000)
  region size 1024K, 4 young (4096K), 4 survivors (4096K)
 Metaspace       used 26247K, committed 26624K, reserved 1114112K
  class space    used 3001K, committed 3200K, reserved 1048576K
}
Event: 12.398 GC heap before
{Heap before GC invocations=13 (full 0):
 garbage-first heap   total 110592K, used 82672K [0x0000000085800000, 0x0000000100000000)
  region size 1024K, 31 young (31744K), 4 survivors (4096K)
 Metaspace       used 27835K, committed 28160K, reserved 1114112K
  class space    used 3174K, committed 3328K, reserved 1048576K
}
Event: 12.405 GC heap after
{Heap after GC invocations=14 (full 0):
 garbage-first heap   total 110592K, used 56542K [0x0000000085800000, 0x0000000100000000)
  region size 1024K, 2 young (2048K), 2 survivors (2048K)
 Metaspace       used 27835K, committed 28160K, reserved 1114112K
  class space    used 3174K, committed 3328K, reserved 1048576K
}
Event: 13.007 GC heap before
{Heap before GC invocations=14 (full 0):
 garbage-first heap   total 110592K, used 84190K [0x0000000085800000, 0x0000000100000000)
  region size 1024K, 29 young (29696K), 2 survivors (2048K)
 Metaspace       used 28837K, committed 29184K, reserved 1114112K
  class space    used 3279K, committed 3456K, reserved 1048576K
}
Event: 13.013 GC heap after
{Heap after GC invocations=15 (full 0):
 garbage-first heap   total 110592K, used 57218K [0x0000000085800000, 0x0000000100000000)
  region size 1024K, 3 young (3072K), 3 survivors (3072K)
 Metaspace       used 28837K, committed 29184K, reserved 1114112K
  class space    used 3279K, committed 3456K, reserved 1048576K
}
Event: 13.349 GC heap before
{Heap before GC invocations=16 (full 0):
 garbage-first heap   total 110592K, used 84866K [0x0000000085800000, 0x0000000100000000)
  region size 1024K, 30 young (30720K), 3 survivors (3072K)
 Metaspace       used 29093K, committed 29440K, reserved 1114112K
  class space    used 3283K, committed 3456K, reserved 1048576K
}
Event: 13.355 GC heap after
{Heap after GC invocations=17 (full 0):
 garbage-first heap   total 110592K, used 57636K [0x0000000085800000, 0x0000000100000000)
  region size 1024K, 3 young (3072K), 3 survivors (3072K)
 Metaspace       used 29093K, committed 29440K, reserved 1114112K
  class space    used 3283K, committed 3456K, reserved 1048576K
}
Event: 14.098 GC heap before
{Heap before GC invocations=17 (full 0):
 garbage-first heap   total 110592K, used 87332K [0x0000000085800000, 0x0000000100000000)
  region size 1024K, 32 young (32768K), 3 survivors (3072K)
 Metaspace       used 30707K, committed 31040K, reserved 1114112K
  class space    used 3500K, committed 3648K, reserved 1048576K
}
Event: 14.106 GC heap after
{Heap after GC invocations=18 (full 0):
 garbage-first heap   total 110592K, used 58868K [0x0000000085800000, 0x0000000100000000)
  region size 1024K, 3 young (3072K), 3 survivors (3072K)
 Metaspace       used 30707K, committed 31040K, reserved 1114112K
  class space    used 3500K, committed 3648K, reserved 1048576K
}

Deoptimization events (20 events):
Event: 14.313 Thread 0x00000237ee722ee0 Uncommon trap: trap_request=0xffffff45 fr.pc=0x0000023787adc7b4 relative=0x00000000000001b4
Event: 14.313 Thread 0x00000237ee722ee0 Uncommon trap: reason=unstable_if action=reinterpret pc=0x0000023787adc7b4 method=java.lang.String.hashCode()I @ 20 c2
Event: 14.313 Thread 0x00000237ee722ee0 DEOPT PACKING pc=0x0000023787adc7b4 sp=0x000000e3d55fc560
Event: 14.313 Thread 0x00000237ee722ee0 DEOPT UNPACKING pc=0x00000237875823a3 sp=0x000000e3d55fc4f0 mode 2
Event: 14.313 Thread 0x00000237ee722ee0 Uncommon trap: trap_request=0xffffff3d fr.pc=0x0000023787b61814 relative=0x0000000000000214
Event: 14.313 Thread 0x00000237ee722ee0 Uncommon trap: reason=unstable_fused_if action=reinterpret pc=0x0000023787b61814 method=com.sun.tools.javac.util.Convert.chars2utf([CI[BII)I @ 28 c2
Event: 14.314 Thread 0x00000237ee722ee0 DEOPT PACKING pc=0x0000023787b61814 sp=0x000000e3d55fc200
Event: 14.314 Thread 0x00000237ee722ee0 DEOPT UNPACKING pc=0x00000237875823a3 sp=0x000000e3d55fc160 mode 2
Event: 14.317 Thread 0x00000237ee722ee0 Uncommon trap: trap_request=0xffffff45 fr.pc=0x0000023787ade004 relative=0x0000000000000184
Event: 14.317 Thread 0x00000237ee722ee0 Uncommon trap: reason=unstable_if action=reinterpret pc=0x0000023787ade004 method=java.lang.String.equals(Ljava/lang/Object;)Z @ 33 c2
Event: 14.317 Thread 0x00000237ee722ee0 DEOPT PACKING pc=0x0000023787ade004 sp=0x000000e3d55fd280
Event: 14.317 Thread 0x00000237ee722ee0 DEOPT UNPACKING pc=0x00000237875823a3 sp=0x000000e3d55fd220 mode 2
Event: 14.484 Thread 0x00000237ee722ee0 Uncommon trap: trap_request=0xffffff45 fr.pc=0x0000023787e49d80 relative=0x0000000000002080
Event: 14.484 Thread 0x00000237ee722ee0 Uncommon trap: reason=unstable_if action=reinterpret pc=0x0000023787e49d80 method=com.sun.tools.javac.code.Types.capture(Lcom/sun/tools/javac/code/Type;)Lcom/sun/tools/javac/code/Type; @ 235 c2
Event: 14.484 Thread 0x00000237ee722ee0 DEOPT PACKING pc=0x0000023787e49d80 sp=0x000000e3d55fae10
Event: 14.484 Thread 0x00000237ee722ee0 DEOPT UNPACKING pc=0x00000237875823a3 sp=0x000000e3d55fadd0 mode 2
Event: 14.518 Thread 0x00000237ee722ee0 Uncommon trap: trap_request=0xffffff45 fr.pc=0x0000023787e540a4 relative=0x00000000000011c4
Event: 14.518 Thread 0x00000237ee722ee0 Uncommon trap: reason=unstable_if action=reinterpret pc=0x0000023787e540a4 method=com.sun.tools.javac.comp.Attr.check(Lcom/sun/tools/javac/tree/JCTree;Lcom/sun/tools/javac/code/Type;Lcom/sun/tools/javac/code/Kinds$KindSelector;Lcom/sun/tools/javac/comp/At
Event: 14.518 Thread 0x00000237ee722ee0 DEOPT PACKING pc=0x0000023787e540a4 sp=0x000000e3d55faed0
Event: 14.518 Thread 0x00000237ee722ee0 DEOPT UNPACKING pc=0x00000237875823a3 sp=0x000000e3d55faee0 mode 2

Classes unloaded (0 events):
No events

Classes redefined (0 events):
No events

Internal exceptions (20 events):
Event: 14.464 Thread 0x00000237ee722ee0 Exception <a 'sun/nio/fs/WindowsException'{0x000000008b76ec98}> (0x000000008b76ec98) 
thrown [s\open\src\hotspot\share\prims\jni.cpp, line 516]
Event: 14.464 Thread 0x00000237ee722ee0 Exception <a 'sun/nio/fs/WindowsException'{0x000000008b7708b8}> (0x000000008b7708b8) 
thrown [s\open\src\hotspot\share\prims\jni.cpp, line 516]
Event: 14.464 Thread 0x00000237ee722ee0 Exception <a 'sun/nio/fs/WindowsException'{0x000000008b770e58}> (0x000000008b770e58) 
thrown [s\open\src\hotspot\share\prims\jni.cpp, line 516]
Event: 14.469 Thread 0x00000237ee722ee0 Exception <a 'sun/nio/fs/WindowsException'{0x000000008b7a20f8}> (0x000000008b7a20f8) 
thrown [s\open\src\hotspot\share\prims\jni.cpp, line 516]
Event: 14.469 Thread 0x00000237ee722ee0 Exception <a 'sun/nio/fs/WindowsException'{0x000000008b7a2838}> (0x000000008b7a2838) 
thrown [s\open\src\hotspot\share\prims\jni.cpp, line 516]
Event: 14.469 Thread 0x00000237ee722ee0 Exception <a 'sun/nio/fs/WindowsException'{0x000000008b7a3c68}> (0x000000008b7a3c68) 
thrown [s\open\src\hotspot\share\prims\jni.cpp, line 516]
Event: 14.502 Thread 0x00000237ee722ee0 Exception <a 'sun/nio/fs/WindowsException'{0x000000008b6d16c8}> (0x000000008b6d16c8) 
thrown [s\open\src\hotspot\share\prims\jni.cpp, line 516]
Event: 14.502 Thread 0x00000237ee722ee0 Exception <a 'sun/nio/fs/WindowsException'{0x000000008b6d1e18}> (0x000000008b6d1e18) 
thrown [s\open\src\hotspot\share\prims\jni.cpp, line 516]
Event: 14.502 Thread 0x00000237ee722ee0 Exception <a 'sun/nio/fs/WindowsException'{0x000000008b6d32d0}> (0x000000008b6d32d0) 
thrown [s\open\src\hotspot\share\prims\jni.cpp, line 516]
Event: 14.510 Thread 0x00000237ee722ee0 Exception <a 'sun/nio/fs/WindowsException'{0x000000008b557b08}> (0x000000008b557b08) 
thrown [s\open\src\hotspot\share\prims\jni.cpp, line 516]
Event: 14.510 Thread 0x00000237ee722ee0 Exception <a 'sun/nio/fs/WindowsException'{0x000000008b558268}> (0x000000008b558268) 
thrown [s\open\src\hotspot\share\prims\jni.cpp, line 516]
Event: 14.510 Thread 0x00000237ee722ee0 Exception <a 'sun/nio/fs/WindowsException'{0x000000008b5597a8}> (0x000000008b5597a8) 
thrown [s\open\src\hotspot\share\prims\jni.cpp, line 516]
Event: 14.532 Thread 0x00000237ee722ee0 Exception <a 'sun/nio/fs/WindowsException'{0x000000008b5e5580}> (0x000000008b5e5580) 
thrown [s\open\src\hotspot\share\prims\jni.cpp, line 516]
Event: 14.532 Thread 0x00000237ee722ee0 Exception <a 'sun/nio/fs/WindowsException'{0x000000008b5e5a88}> (0x000000008b5e5a88) 
thrown [s\open\src\hotspot\share\prims\jni.cpp, line 516]
Event: 14.533 Thread 0x00000237ee722ee0 Exception <a 'sun/nio/fs/WindowsException'{0x000000008b5f7700}> (0x000000008b5f7700) 
thrown [s\open\src\hotspot\share\prims\jni.cpp, line 516]
Event: 14.533 Thread 0x00000237ee722ee0 Exception <a 'sun/nio/fs/WindowsException'{0x000000008b5f7bb0}> (0x000000008b5f7bb0) 
thrown [s\open\src\hotspot\share\prims\jni.cpp, line 516]
Event: 14.534 Thread 0x00000237ee722ee0 Exception <a 'sun/nio/fs/WindowsException'{0x000000008b4316c0}> (0x000000008b4316c0) 
thrown [s\open\src\hotspot\share\prims\jni.cpp, line 516]
Event: 14.534 Thread 0x00000237ee722ee0 Exception <a 'sun/nio/fs/WindowsException'{0x000000008b431bc0}> (0x000000008b431bc0) 
thrown [s\open\src\hotspot\share\prims\jni.cpp, line 516]
Event: 14.534 Thread 0x00000237ee722ee0 Exception <a 'sun/nio/fs/WindowsException'{0x000000008b433d18}> (0x000000008b433d18) 
thrown [s\open\src\hotspot\share\prims\jni.cpp, line 516]
Event: 14.534 Thread 0x00000237ee722ee0 Exception <a 'sun/nio/fs/WindowsException'{0x000000008b4342a8}> (0x000000008b4342a8) 
thrown [s\open\src\hotspot\share\prims\jni.cpp, line 516]

VM Operations (20 events):
Event: 13.952 Executing VM operation: HandshakeAllThreads
Event: 13.952 Executing VM operation: HandshakeAllThreads done
Event: 13.961 Executing VM operation: ICBufferFull
Event: 13.962 Executing VM operation: ICBufferFull done
Event: 14.086 Executing VM operation: ICBufferFull
Event: 14.086 Executing VM operation: ICBufferFull done
Event: 14.098 Executing VM operation: G1CollectForAllocation
Event: 14.106 Executing VM operation: G1CollectForAllocation done
Event: 14.138 Executing VM operation: G1Concurrent
Event: 14.144 Executing VM operation: G1Concurrent done
Event: 14.158 Executing VM operation: G1Concurrent
Event: 14.158 Executing VM operation: G1Concurrent done
Event: 14.225 Executing VM operation: HandshakeAllThreads
Event: 14.225 Executing VM operation: HandshakeAllThreads done
Event: 14.228 Executing VM operation: ICBufferFull
Event: 14.228 Executing VM operation: ICBufferFull done
Event: 14.472 Executing VM operation: ICBufferFull
Event: 14.472 Executing VM operation: ICBufferFull done
Event: 15.487 Executing VM operation: Cleanup
Event: 15.487 Executing VM operation: Cleanup done

Events (20 events):
Event: 13.845 loading class java/util/EnumMap$EntryIterator
Event: 13.845 loading class java/util/EnumMap$EnumMapIterator
Event: 13.845 loading class java/util/EnumMap$EnumMapIterator done
Event: 13.845 loading class java/util/EnumMap$EntryIterator done
Event: 13.845 loading class java/util/EnumMap$EntryIterator$Entry
Event: 13.845 loading class java/util/EnumMap$EntryIterator$Entry done
Event: 13.901 loading class java/util/stream/ReferencePipeline$4
Event: 13.902 loading class java/util/stream/ReferencePipeline$4 done
Event: 13.902 loading class java/util/stream/Nodes$IntFixedNodeBuilder
Event: 13.902 loading class java/util/stream/Node$Builder$OfInt
Event: 13.903 loading class java/util/stream/Node$Builder$OfInt done
Event: 13.903 loading class java/util/stream/Nodes$IntArrayNode
Event: 13.903 loading class java/util/stream/Nodes$IntArrayNode done
Event: 13.903 loading class java/util/stream/Nodes$IntFixedNodeBuilder done
Event: 13.903 loading class java/util/stream/ReferencePipeline$4$1
Event: 13.903 loading class java/util/stream/ReferencePipeline$4$1 done
Event: 13.960 Thread 0x00000237ff4528f0 flushing nmethod 0x00000237809efd10
Event: 13.961 Thread 0x00000237ff4528f0 flushing nmethod 0x0000023780b2e490
Event: 14.004 loading class java/io/DataOutputStream
Event: 14.010 loading class java/io/DataOutputStream done


Dynamic libraries:
0x00007ff664710000 - 0x00007ff664720000 	C:\Program Files\Java\jdk-17\bin\java.exe
0x00007ffddb320000 - 0x00007ffddb586000 	C:\WINDOWS\SYSTEM32\ntdll.dll
0x00007ffdd94a0000 - 0x00007ffdd9569000 	C:\WINDOWS\System32\KERNEL32.DLL
0x00007ffdd8a50000 - 0x00007ffdd8e4e000 	C:\WINDOWS\System32\KERNELBASE.dll
0x00007ffdd8570000 - 0x00007ffdd86bc000 	C:\WINDOWS\System32\ucrtbase.dll
0x00007ffdb3a00000 - 0x00007ffdb3a1b000 	C:\Program Files\Java\jdk-17\bin\VCRUNTIME140.dll
0x00007ffdb1b20000 - 0x00007ffdb1b39000 	C:\Program Files\Java\jdk-17\bin\jli.dll
0x00007ffdd9ec0000 - 0x00007ffdd9f77000 	C:\WINDOWS\System32\ADVAPI32.dll
0x00007ffddafd0000 - 0x00007ffddb079000 	C:\WINDOWS\System32\msvcrt.dll
0x00007ffdd9570000 - 0x00007ffdd961a000 	C:\WINDOWS\System32\sechost.dll
0x00007ffdd90a0000 - 0x00007ffdd91b8000 	C:\WINDOWS\System32\RPCRT4.dll
0x00007ffdd9f80000 - 0x00007ffdda147000 	C:\WINDOWS\System32\USER32.dll
0x00007ffdbe310000 - 0x00007ffdbe5a2000 	C:\WINDOWS\WinSxS\amd64_microsoft.windows.common-controls_6595b64144ccf1df_6.0.26100.8875_none_3e0d5d42e32fe9dd\COMCTL32.dll
0x00007ffdd8540000 - 0x00007ffdd8567000 	C:\WINDOWS\System32\win32u.dll
0x00007ffdda150000 - 0x00007ffdda17b000 	C:\WINDOWS\System32\GDI32.dll
0x00007ffdd8f20000 - 0x00007ffdd904a000 	C:\WINDOWS\System32\gdi32full.dll
0x00007ffdd89a0000 - 0x00007ffdd8a43000 	C:\WINDOWS\System32\msvcp_win.dll
0x00007ffdc6810000 - 0x00007ffdc681b000 	C:\WINDOWS\SYSTEM32\VERSION.dll
0x00007ffdd9060000 - 0x00007ffdd9092000 	C:\WINDOWS\System32\IMM32.DLL
0x00007ffdc50d0000 - 0x00007ffdc50dc000 	C:\Program Files\Java\jdk-17\bin\vcruntime140_1.dll
0x00007ffd48170000 - 0x00007ffd481fe000 	C:\Program Files\Java\jdk-17\bin\msvcp140.dll
0x00007ffce0bc0000 - 0x00007ffce17a0000 	C:\Program Files\Java\jdk-17\bin\server\jvm.dll
0x00007ffdd96e0000 - 0x00007ffdd96e8000 	C:\WINDOWS\System32\PSAPI.DLL
0x00007ffdd0480000 - 0x00007ffdd048a000 	C:\WINDOWS\SYSTEM32\WSOCK32.dll
0x00007ffdcd440000 - 0x00007ffdcd476000 	C:\WINDOWS\SYSTEM32\WINMM.dll
0x00007ffddaab0000 - 0x00007ffddab30000 	C:\WINDOWS\System32\WS2_32.dll
0x00007ffdd7220000 - 0x00007ffdd723b000 	C:\WINDOWS\SYSTEM32\kernel.appcore.dll
0x00007ffdb1b10000 - 0x00007ffdb1b1a000 	C:\Program Files\Java\jdk-17\bin\jimage.dll
0x00007ffdd5c50000 - 0x00007ffdd5e92000 	C:\WINDOWS\SYSTEM32\DBGHELP.DLL
0x00007ffddac20000 - 0x00007ffddafa3000 	C:\WINDOWS\System32\combase.dll
0x00007ffddab40000 - 0x00007ffddac19000 	C:\WINDOWS\System32\OLEAUT32.dll
0x00007ffdc4ba0000 - 0x00007ffdc4bdb000 	C:\WINDOWS\SYSTEM32\dbgcore.DLL
0x00007ffdd86d0000 - 0x00007ffdd877c000 	C:\WINDOWS\System32\bcryptPrimitives.dll
0x00007ffdb1a80000 - 0x00007ffdb1aa5000 	C:\Program Files\Java\jdk-17\bin\java.dll
0x00007ffd3ed00000 - 0x00007ffd3edd7000 	C:\Program Files\Java\jdk-17\bin\jsvml.dll
0x00007ffdd96f0000 - 0x00007ffdd9e82000 	C:\WINDOWS\System32\SHELL32.dll
0x00007ffdd5fb0000 - 0x00007ffdd6842000 	C:\WINDOWS\SYSTEM32\windows.storage.dll
0x00007ffdd9350000 - 0x00007ffdd9447000 	C:\WINDOWS\System32\SHCORE.dll
0x00007ffdda370000 - 0x00007ffdda3d7000 	C:\WINDOWS\System32\shlwapi.dll
0x00007ffdd8460000 - 0x00007ffdd8489000 	C:\WINDOWS\SYSTEM32\profapi.dll
0x00007ffdb1770000 - 0x00007ffdb1789000 	C:\Program Files\Java\jdk-17\bin\net.dll
0x00007ffdc74c0000 - 0x00007ffdc75e7000 	C:\WINDOWS\SYSTEM32\WINHTTP.dll
0x00007ffdd77d0000 - 0x00007ffdd783c000 	C:\WINDOWS\system32\mswsock.dll
0x00007ffd95640000 - 0x00007ffd95656000 	C:\Program Files\Java\jdk-17\bin\nio.dll
0x00007ffd87600000 - 0x00007ffd87618000 	C:\Program Files\Java\jdk-17\bin\zip.dll
0x00007ffdaee40000 - 0x00007ffdaee64000 	C:\Program Files\apache-maven-3.9.16\lib\jansi-native\Windows\x86_64\jansi.dll
0x00007ffdc5950000 - 0x00007ffdc5960000 	C:\Program Files\Java\jdk-17\bin\verify.dll

dbghelp: loaded successfully - version: 4.0.5 - missing functions: none
symbol engine: initialized successfully - sym options: 0x614 - pdb path: .;C:\Program Files\Java\jdk-17\bin;C:\WINDOWS\SYSTEM32;C:\WINDOWS\WinSxS\amd64_microsoft.windows.common-controls_6595b64144ccf1df_6.0.26100.8875_none_3e0d5d42e32fe9dd;C:\Program Files\Java\jdk-17\bin\server;C:\Program Files\apache-maven-3.9.16\lib\jansi-native\Windows\x86_64

VM Arguments:
jvm_args: --add-opens=java.base/java.lang=ALL-UNNAMED --enable-native-access=ALL-UNNAMED -Djavax.net.ssl.trustStoreType=WINDOWS-ROOT -Dclassworlds.conf=C:/Program Files/apache-maven-3.9.16/bin/m2.conf -Dmaven.home=C:/Program Files/apache-maven-3.9.16 -Dlibrary.jansi.path=C:/Program Files/apache-maven-3.9.16/lib/jansi-native -Dmaven.multiModuleProjectDirectory=C:/Users/princ/Desktop/CS Year 2/Semester 2/Mobile App/FleetTrackingMobile/fleettrack-pro/backend/auth-service_1 
java_command: org.codehaus.plexus.classworlds.launcher.Launcher compile
java_class_path (initial): C:/Program Files/apache-maven-3.9.16/boot/plexus-classworlds-2.11.0.jar
Launcher Type: SUN_STANDARD

[Global flags]
     intx CICompilerCount                          = 4                                         {product} {ergonomic}
     uint ConcGCThreads                            = 2                                         {product} {ergonomic}
     uint G1ConcRefinementThreads                  = 8                                         {product} {ergonomic}
   size_t G1HeapRegionSize                         = 1048576                                   {product} {ergonomic}
    uintx GCDrainStackTargetSize                   = 64                                        {product} {ergonomic}
   size_t InitialHeapSize                          = 130023424                                 {product} {ergonomic}
   size_t MarkStackSize                            = 4194304                                   {product} {ergonomic}
   size_t MaxHeapSize                              = 2055208960                                {product} {ergonomic}
   size_t MaxNewSize                               = 1233125376                                {product} {ergonomic}
   size_t MinHeapDeltaBytes                        = 1048576                                   {product} {ergonomic}
   size_t MinHeapSize                              = 8388608                                   {product} {ergonomic}
    uintx NonNMethodCodeHeapSize                   = 5839372                                {pd product} {ergonomic}
    uintx NonProfiledCodeHeapSize                  = 122909434                              {pd product} {ergonomic}
    uintx ProfiledCodeHeapSize                     = 122909434                              {pd product} {ergonomic}
    uintx ReservedCodeCacheSize                    = 251658240                              {pd product} {ergonomic}
     bool SegmentedCodeCache                       = true                                      {product} {ergonomic}
   size_t SoftMaxHeapSize                          = 2055208960                             {manageable} {ergonomic}
     bool UseCompressedClassPointers               = true                           {product lp64_product} {ergonomic}
     bool UseCompressedOops                        = true                           {product lp64_product} {ergonomic}
     bool UseG1GC                                  = true                                      {product} {ergonomic}
     bool UseLargePagesIndividualAllocation        = false                                  {pd product} {ergonomic}

Logging:
Log output configuration:
 #0: stdout all=warning uptime,level,tags
 #1: stderr all=off uptime,level,tags

Environment Variables:
PATH=C:\Users\princ\bin;C:\Program Files\Git\mingw64\bin;C:\Program Files\Git\usr\local\bin;C:\Program Files\Git\usr\bin;C:\Program Files\Git\usr\bin;C:\Program Files\Git\mingw64\bin;C:\Program Files\Git\usr\bin;C:\Users\princ\bin;C:\Python314\Scripts;C:\Python314;C:\Program Files\Common Files\Oracle\Java\javapath;C:\WINDOWS\system32;C:\WINDOWS;C:\WINDOWS\System32\Wbem;C:\WINDOWS\System32\WindowsPowerShell\v1.0;C:\WINDOWS\System32\OpenSSH;C:\Program Files\Git\cmd;C:\Program Files\dotnet;C:\ProgramData\chocolatey\bin;C:\Program Files\nodejs;C:\Users\princ\AppData\Local\Muse Hub\lib;C:\Program Files (x86)\Microsoft SQL Server\170\Tools\Binn;C:\Program Files\Microsoft SQL Server\170\Tools\Binn;C:\Program Files\Microsoft SQL Server\Client SDK\ODBC\180\Tools\Binn;C:\Program Files\Microsoft SQL Server\170\DTS\Binn;C:\Program Files\apache-maven-3.9.16\bin;C:\Program Files\GitHub CLI;C:\Program Files\Docker\Docker\resources\bin;C:\Users\princ\AppData\Local\Microsoft\WindowsApps;C:\Users\princ\AppData\Local\Programs\Microsoft VS Code\bin;C:\Users\princ\AppData\Roaming\npm;C:\Users\princ\AppData\Local\Muse Hub\lib;C:\Users\princ\Desktop\CODE_IT\VSCODE\todo mobile app\flutter\bin;C:\Users\princ\AppData\Roaming\Python\Python314\Scripts;C:\Users\princ\.dotnet\tools;C:\Program Files\Git\usr\bin\vendor_perl;C:\Program Files\Git\usr\bin\core_perl
USERNAME=princ
SHELL=C:\Program Files\Git\usr\bin\bash.exe
OS=Windows_NT
PROCESSOR_IDENTIFIER=Intel64 Family 6 Model 154 Stepping 4, GenuineIntel



---------------  S Y S T E M  ---------------

OS:
 Windows 11 , 64 bit Build 26100 (10.0.26100.8875)
OS uptime: 1 days 1:39 hours
Hyper-V role detected

CPU: total 8 (initial active 8) (4 cores per cpu, 2 threads per core) family 6 model 154 stepping 4 microcode 0x437, cx8, cmov, fxsr, ht, mmx, 3dnowpref, sse, sse2, sse3, ssse3, sse4.1, sse4.2, popcnt, lzcnt, tsc, tscinvbit, avx, avx2, aes, erms, clmul, bmi1, bmi2, adx, sha, fma, vzeroupper, clflush, clflushopt, clwb, hv

Memory: 4k page, system-wide physical 7835M (530M free)
TotalPageFile size 31387M (AvailPageFile size 5M)
current process WorkingSet (physical memory assigned to process): 240M, peak: 259M
current process commit charge ("private bytes"): 269M, peak: 289M

vm_info: Java HotSpot(TM) 64-Bit Server VM (17.0.17+8-LTS-360) for windows-amd64 JRE (17.0.17+8-LTS-360), built on Sep 27 2025 05:17:01 by "mach5run" with MS VC++ 17.6 (VS2022)

END.
